// Jest Snapshot v1, https://goo.gl/fbAQLP

exports[`Article Component renders in as expected; matches snapshot 1`] = `
Object {
  "asFragment": [Function],
  "baseElement": <body>
    <div>
      <div
        role="outer-div"
      >
        <div
          class="article_article-div"
          role="article-div"
        >
          <div
            class="article_comments-column"
            role="left-sided-column"
          >
            <p
              class="article_total-comments"
              role="comments-total"
            >
              Data loading...
            </p>
          </div>
          <div
            class="article_main-content-div"
            role="main-content-div"
          >
            <h1
              class="article_title"
              role="title"
            >
              Article Title
            </h1>
            <div
              class="article_article"
              role="article"
            >
              <img
                class="article_article-img"
                src="mockpic.png"
              />
            </div>
            <div
              class="article_article-details-div"
              role="article-details-div"
            >
              <p
                class="article_article-detail"
                role="article-detail"
              >
                Posted By: Joe Elliott
              </p>
              <p
                class="article_article-detail"
                role="article-detail"
              >
                2hrs ago
              </p>
              <p
                class="article_article-detail"
                role="article-detail"
              >
                22.2k comments
              </p>
            </div>
          </div>
        </div>
      </div>
    </div>
  </body>,
  "container": <div>
    <div
      role="outer-div"
    >
      <div
        class="article_article-div"
        role="article-div"
      >
        <div
          class="article_comments-column"
          role="left-sided-column"
        >
          <p
            class="article_total-comments"
            role="comments-total"
          >
            Data loading...
          </p>
        </div>
        <div
          class="article_main-content-div"
          role="main-content-div"
        >
          <h1
            class="article_title"
            role="title"
          >
            Article Title
          </h1>
          <div
            class="article_article"
            role="article"
          >
            <img
              class="article_article-img"
              src="mockpic.png"
            />
          </div>
          <div
            class="article_article-details-div"
            role="article-details-div"
          >
            <p
              class="article_article-detail"
              role="article-detail"
            >
              Posted By: Joe Elliott
            </p>
            <p
              class="article_article-detail"
              role="article-detail"
            >
              2hrs ago
            </p>
            <p
              class="article_article-detail"
              role="article-detail"
            >
              22.2k comments
            </p>
          </div>
        </div>
      </div>
    </div>
  </div>,
  "debug": [Function],
  "findAllByAltText": [Function],
  "findAllByDisplayValue": [Function],
  "findAllByLabelText": [Function],
  "findAllByPlaceholderText": [Function],
  "findAllByRole": [Function],
  "findAllByTestId": [Function],
  "findAllByText": [Function],
  "findAllByTitle": [Function],
  "findByAltText": [Function],
  "findByDisplayValue": [Function],
  "findByLabelText": [Function],
  "findByPlaceholderText": [Function],
  "findByRole": [Function],
  "findByTestId": [Function],
  "findByText": [Function],
  "findByTitle": [Function],
  "getAllByAltText": [Function],
  "getAllByDisplayValue": [Function],
  "getAllByLabelText": [Function],
  "getAllByPlaceholderText": [Function],
  "getAllByRole": [Function],
  "getAllByTestId": [Function],
  "getAllByText": [Function],
  "getAllByTitle": [Function],
  "getByAltText": [Function],
  "getByDisplayValue": [Function],
  "getByLabelText": [Function],
  "getByPlaceholderText": [Function],
  "getByRole": [Function],
  "getByTestId": [Function],
  "getByText": [Function],
  "getByTitle": [Function],
  "queryAllByAltText": [Function],
  "queryAllByDisplayValue": [Function],
  "queryAllByLabelText": [Function],
  "queryAllByPlaceholderText": [Function],
  "queryAllByRole": [Function],
  "queryAllByTestId": [Function],
  "queryAllByText": [Function],
  "queryAllByTitle": [Function],
  "queryByAltText": [Function],
  "queryByDisplayValue": [Function],
  "queryByLabelText": [Function],
  "queryByPlaceholderText": [Function],
  "queryByRole": [Function],
  "queryByTestId": [Function],
  "queryByText": [Function],
  "queryByTitle": [Function],
  "rerender": [Function],
  "unmount": [Function],
}
`;
